// Jest Snapshot v1, https://goo.gl/fbAQLP

exports[`<Catalog /> should render correctly 1`] = `
<section
  className="catalog"
>
  <h2
    className="catalog__title visually-hidden"
  >
    Catalog
  </h2>
  <ul
    className="catalog__genres-list"
  >
    <li
      className="catalog__genres-item catalog__genres-item--active"
    >
      <a
        className="catalog__genres-link"
        href={null}
        onClick={[Function]}
      >
        All
      </a>
    </li>
    <li
      className="catalog__genres-item"
    >
      <a
        className="catalog__genres-link"
        href="#BDSM"
        onClick={[Function]}
      >
        BDSM
      </a>
    </li>
    <li
      className="catalog__genres-item"
    >
      <a
        className="catalog__genres-link"
        href="#Gay-gymnastics"
        onClick={[Function]}
      >
        Gay gymnastics
      </a>
    </li>
    <li
      className="catalog__genres-item"
    >
      <a
        className="catalog__genres-link"
        href="#Psycho-dramas-for-aestheticizing-faggots"
        onClick={[Function]}
      >
        Psycho-dramas for aestheticizing faggots
      </a>
    </li>
  </ul>
  <div
    className="catalog__movies-list"
  >
    <article
      className="small-movie-card catalog__movies-card"
      onMouseEnter={[Function]}
      onMouseLeave={[Function]}
      tabIndex="0"
    >
      <button
        className="small-movie-card__play-btn"
        type="button"
      >
        Play
      </button>
      <div
        className="small-movie-card__image"
      >
        <video
          height="175"
          muted={true}
          poster="https://m.media-amazon.com/images/M/MV5BMjZlY2RjM2ItZGEwOC00ODQwLWFhZDYtMjE3ODMyYWNiOWNlXkEyXkFqcGdeQXVyNTA4NzY1MzY@._V1_SY1000_CR0,0,706,1000_AL_.jpg"
          src="etc/na-zdorovnya.mp4"
          width="280"
        />
      </div>
      <h3
        className="small-movie-card__title"
      >
        <a
          className="small-movie-card__link"
          href="https://www.imdb.com/title/tt0020530/"
        >
          Un Chien Andalou
        </a>
      </h3>
    </article>
  </div>
  <div
    className="catalog__more"
  >
    <button
      className="catalog__button"
      type="button"
    >
      Show more
    </button>
  </div>
</section>
`;
