// Jest Snapshot v1, https://goo.gl/fbAQLP

exports[`<Logo /> should render correctly 1`] = `
<div
  className="logo"
>
  <a
    className="logo__link"
    href="/"
    onClick={[Function]}
  >
    <span
      className="logo__letter logo__letter--1"
    >
      W
    </span>
    <span
      className="logo__letter logo__letter--2"
    >
      T
    </span>
    <span
      className="logo__letter logo__letter--3"
    >
      W
    </span>
  </a>
</div>
`;

exports[`Logo Block test suite <Logo /> should render correctly 1`] = `
<div
  className="logo"
>
  <a
    className="logo__link"
    href="/"
    onClick={[Function]}
  >
    <span
      className="logo__letter logo__letter--1"
    >
      W
    </span>
    <span
      className="logo__letter logo__letter--2"
    >
      T
    </span>
    <span
      className="logo__letter logo__letter--3"
    >
      W
    </span>
  </a>
</div>
`;

exports[`Logo test suite <Logo /> should render correctly 1`] = `
<div
  className="logo"
>
  <a
    className="logo__link"
    href="/"
    onClick={[Function]}
  >
    <span
      className="logo__letter logo__letter--1"
    >
      W
    </span>
    <span
      className="logo__letter logo__letter--2"
    >
      T
    </span>
    <span
      className="logo__letter logo__letter--3"
    >
      W
    </span>
  </a>
</div>
`;
