// Jest Snapshot v1, https://goo.gl/fbAQLP

exports[`<GenresListItem /> should render correctly 1`] = `
<li
  className="catalog__genres-item"
>
  <a
    className="catalog__genres-link"
    href="#Comedies"
    onClick={[Function]}
  >
    Comedies
  </a>
</li>
`;
