// Jest Snapshot v1, https://goo.gl/fbAQLP

exports[`FilmDetails test suite <FilmDetails /> should render correctly 1`] = `
<div
  className="movie-card__text movie-card__row"
>
  <div
    className="movie-card__text-col"
  >
    <p
      className="movie-card__details-item"
    >
      <strong
        className="movie-card__details-name"
      >
        Director
      </strong>
      <span
        className="movie-card__details-value"
      >
        Alan Smithie
      </span>
    </p>
    <div
      className="movie-card__details-item"
    >
      <strong
        className="movie-card__details-name"
      >
        Starring
      </strong>
      <ul
        className="movie-card__details-value"
      >
        <li>
          Ben Dover
          ,
        </li>
        <li>
          Major Woodie
          ,
        </li>
        <li>
          Private Parts
          ,
        </li>
        <li>
          I. C. Wiener
        </li>
      </ul>
    </div>
  </div>
  <div
    className="movie-card__text-col"
  >
    <p
      className="movie-card__details-item"
    >
      <strong
        className="movie-card__details-name"
      >
        Run Time
      </strong>
      <span
        className="movie-card__details-value"
        data-test="at-film-duration"
      >
        1
        h 
        40
        m
      </span>
    </p>
    <p
      className="movie-card__details-item"
    >
      <strong
        className="movie-card__details-name"
      >
        Genre
      </strong>
      <span
        className="movie-card__details-value"
      >
        Kids & Family
      </span>
    </p>
    <p
      className="movie-card__details-item"
    >
      <strong
        className="movie-card__details-name"
      >
        Released
      </strong>
      <span
        className="movie-card__details-value"
      >
        1984
      </span>
    </p>
  </div>
</div>
`;
