// Jest Snapshot v1, https://goo.gl/fbAQLP

exports[`<Loader /> should render correctly 1`] = `
<div
  className="loader"
>
  <p
    className="visually-hidden"
  >
    Loadingâ€¦
  </p>
</div>
`;
