// Jest Snapshot v1, https://goo.gl/fbAQLP

exports[`renders correctly after relaunch 1`] = `
Array [
  <section
    className="movie-card"
  >
    <div
      className="movie-card__bg"
    >
      <img
        alt="The Grand Budapest Hotel"
        height="552"
        src={
          Object {
            "process": [Function],
          }
        }
        width="1300"
      />
    </div>
    <h1
      className="visually-hidden"
    >
      What to Watch
    </h1>
    <header
      className="page-header movie-card__head"
    >
      <div
        className="logo"
      >
        <a
          className="logo__link"
        >
          <span
            className="logo__letter logo__letter--1"
          >
            W
          </span>
          <span
            className="logo__letter logo__letter--2"
          >
            T
          </span>
          <span
            className="logo__letter logo__letter--3"
          >
            W
          </span>
        </a>
      </div>
      <div
        className="user-block"
      >
        <div
          className="user-block__avatar"
        >
          <img
            alt="User avatar"
            height="63"
            src={
              Object {
                "process": [Function],
              }
            }
            width="63"
          />
        </div>
      </div>
    </header>
    <div
      className="movie-card__wrap"
    >
      <div
        className="movie-card__info"
      >
        <div
          className="movie-card__poster"
        >
          <img
            alt="The Grand Budapest Hotel poster"
            height="327"
            src={
              Object {
                "process": [Function],
              }
            }
            width="218"
          />
        </div>
        <div
          className="movie-card__desc"
        >
          <h2
            className="movie-card__title"
          >
            The Grand Budapest Hotel
          </h2>
          <p
            className="movie-card__meta"
          >
            <span
              className="movie-card__genre"
            >
              Drama
            </span>
            <span
              className="movie-card__year"
            >
              2014
            </span>
          </p>
          <div
            className="movie-card__buttons"
          >
            <button
              className="btn btn--play movie-card__button"
              type="button"
            >
              <svg
                height="19"
                viewBox="0 0 19 19"
                width="19"
              >
                <use
                  xlinkHref="img/sprite/sprite.svg#play-s"
                />
              </svg>
              <span>
                Play
              </span>
            </button>
            <button
              className="btn btn--list movie-card__button"
              type="button"
            >
              <svg
                height="20"
                viewBox="0 0 19 20"
                width="19"
              >
                <use
                  xlinkHref="img/sprite/sprite.svg#add"
                />
              </svg>
              <span>
                My list
              </span>
            </button>
          </div>
        </div>
      </div>
    </div>
  </section>,
  <div
    className="page-content"
  >
    <section
      className="catalog"
    >
      <h2
        className="catalog__title visually-hidden"
      >
        Catalog
      </h2>
      <ul
        className="catalog__genres-list"
      >
        <li
          className="catalog__genres-item catalog__genres-item--active"
        >
          <a
            className="catalog__genres-link"
            href="#"
          >
            All genres
          </a>
        </li>
        <li
          className="catalog__genres-item"
        >
          <a
            className="catalog__genres-link"
            href="#"
          >
            Comedies
          </a>
        </li>
        <li
          className="catalog__genres-item"
        >
          <a
            className="catalog__genres-link"
            href="#"
          >
            Crime
          </a>
        </li>
        <li
          className="catalog__genres-item"
        >
          <a
            className="catalog__genres-link"
            href="#"
          >
            Documentary
          </a>
        </li>
        <li
          className="catalog__genres-item"
        >
          <a
            className="catalog__genres-link"
            href="#"
          >
            Dramas
          </a>
        </li>
        <li
          className="catalog__genres-item"
        >
          <a
            className="catalog__genres-link"
            href="#"
          >
            Horror
          </a>
        </li>
        <li
          className="catalog__genres-item"
        >
          <a
            className="catalog__genres-link"
            href="#"
          >
            Kids & Family
          </a>
        </li>
        <li
          className="catalog__genres-item"
        >
          <a
            className="catalog__genres-link"
            href="#"
          >
            Romance
          </a>
        </li>
        <li
          className="catalog__genres-item"
        >
          <a
            className="catalog__genres-link"
            href="#"
          >
            Sci-Fi
          </a>
        </li>
        <li
          className="catalog__genres-item"
        >
          <a
            className="catalog__genres-link"
            href="#"
          >
            Thrillers
          </a>
        </li>
        <li
          className="catalog__genres-item"
        >
          <a
            className="catalog__genres-link"
            href="#"
          >
            Good ol' Porn
          </a>
        </li>
      </ul>
      <div
        className="catalog__movies-list"
      >
        <article
          className="small-movie-card catalog__movies-card"
          tabIndex="0"
        >
          <button
            className="small-movie-card__play-btn"
            type="button"
          >
            Play
          </button>
          <div
            className="small-movie-card__image"
          >
            <img
              alt="Fantastic Beasts: The Crimes of Grindelwald"
              height="175"
              src="img/fantastic-beasts-the-crimes-of-grindelwald.jpg"
              width="280"
            />
          </div>
          <h3
            className="small-movie-card__title"
          >
            <a
              className="small-movie-card__link"
              href="https://thepiratebay.org"
            >
              Fantastic Beasts: The Crimes of Grindelwald
            </a>
          </h3>
        </article>
        <article
          className="small-movie-card catalog__movies-card"
          tabIndex="0"
        >
          <button
            className="small-movie-card__play-btn"
            type="button"
          >
            Play
          </button>
          <div
            className="small-movie-card__image"
          >
            <img
              alt="Bohemian Rhapsody"
              height="175"
              src="img/bohemian-rhapsody.jpg"
              width="280"
            />
          </div>
          <h3
            className="small-movie-card__title"
          >
            <a
              className="small-movie-card__link"
              href="https://thepiratebay.org"
            >
              Bohemian Rhapsody
            </a>
          </h3>
        </article>
        <article
          className="small-movie-card catalog__movies-card"
          tabIndex="0"
        >
          <button
            className="small-movie-card__play-btn"
            type="button"
          >
            Play
          </button>
          <div
            className="small-movie-card__image"
          >
            <img
              alt="Macbeth"
              height="175"
              src="img/macbeth.jpg"
              width="280"
            />
          </div>
          <h3
            className="small-movie-card__title"
          >
            <a
              className="small-movie-card__link"
              href="https://thepiratebay.org"
            >
              Macbeth
            </a>
          </h3>
        </article>
        <article
          className="small-movie-card catalog__movies-card"
          tabIndex="0"
        >
          <button
            className="small-movie-card__play-btn"
            type="button"
          >
            Play
          </button>
          <div
            className="small-movie-card__image"
          >
            <img
              alt="Aviator"
              height="175"
              src="img/aviator.jpg"
              width="280"
            />
          </div>
          <h3
            className="small-movie-card__title"
          >
            <a
              className="small-movie-card__link"
              href="https://thepiratebay.org"
            >
              Aviator
            </a>
          </h3>
        </article>
        <article
          className="small-movie-card catalog__movies-card"
          tabIndex="0"
        >
          <button
            className="small-movie-card__play-btn"
            type="button"
          >
            Play
          </button>
          <div
            className="small-movie-card__image"
          >
            <img
              alt="We need to talk about Kevin"
              height="175"
              src="img/we-need-to-talk-about-kevin.jpg"
              width="280"
            />
          </div>
          <h3
            className="small-movie-card__title"
          >
            <a
              className="small-movie-card__link"
              href="https://thepiratebay.org"
            >
              We need to talk about Kevin
            </a>
          </h3>
        </article>
        <article
          className="small-movie-card catalog__movies-card"
          tabIndex="0"
        >
          <button
            className="small-movie-card__play-btn"
            type="button"
          >
            Play
          </button>
          <div
            className="small-movie-card__image"
          >
            <img
              alt="What We Do in the Shadows"
              height="175"
              src="img/what-we-do-in-the-shadows.jpg"
              width="280"
            />
          </div>
          <h3
            className="small-movie-card__title"
          >
            <a
              className="small-movie-card__link"
              href="https://thepiratebay.org"
            >
              What We Do in the Shadows
            </a>
          </h3>
        </article>
        <article
          className="small-movie-card catalog__movies-card"
          tabIndex="0"
        >
          <button
            className="small-movie-card__play-btn"
            type="button"
          >
            Play
          </button>
          <div
            className="small-movie-card__image"
          >
            <img
              alt="Revenant"
              height="175"
              src="img/revenant.jpg"
              width="280"
            />
          </div>
          <h3
            className="small-movie-card__title"
          >
            <a
              className="small-movie-card__link"
              href="https://thepiratebay.org"
            >
              Revenant
            </a>
          </h3>
        </article>
        <article
          className="small-movie-card catalog__movies-card"
          tabIndex="0"
        >
          <button
            className="small-movie-card__play-btn"
            type="button"
          >
            Play
          </button>
          <div
            className="small-movie-card__image"
          >
            <img
              alt="Johny English"
              height="175"
              src="img/johnny-english.jpg"
              width="280"
            />
          </div>
          <h3
            className="small-movie-card__title"
          >
            <a
              className="small-movie-card__link"
              href="https://thepiratebay.org"
            >
              Johny English
            </a>
          </h3>
        </article>
        <article
          className="small-movie-card catalog__movies-card"
          tabIndex="0"
        >
          <button
            className="small-movie-card__play-btn"
            type="button"
          >
            Play
          </button>
          <div
            className="small-movie-card__image"
          >
            <img
              alt="Shutter Island"
              height="175"
              src="img/shutter-island.jpg"
              width="280"
            />
          </div>
          <h3
            className="small-movie-card__title"
          >
            <a
              className="small-movie-card__link"
              href="https://thepiratebay.org"
            >
              Shutter Island
            </a>
          </h3>
        </article>
        <article
          className="small-movie-card catalog__movies-card"
          tabIndex="0"
        >
          <button
            className="small-movie-card__play-btn"
            type="button"
          >
            Play
          </button>
          <div
            className="small-movie-card__image"
          >
            <img
              alt="Pulp Fiction"
              height="175"
              src="img/pulp-fiction.jpg"
              width="280"
            />
          </div>
          <h3
            className="small-movie-card__title"
          >
            <a
              className="small-movie-card__link"
              href="https://thepiratebay.org"
            >
              Pulp Fiction
            </a>
          </h3>
        </article>
        <article
          className="small-movie-card catalog__movies-card"
          tabIndex="0"
        >
          <button
            className="small-movie-card__play-btn"
            type="button"
          >
            Play
          </button>
          <div
            className="small-movie-card__image"
          >
            <img
              alt="No Country for Old Men"
              height="175"
              src="img/no-country-for-old-men.jpg"
              width="280"
            />
          </div>
          <h3
            className="small-movie-card__title"
          >
            <a
              className="small-movie-card__link"
              href="https://thepiratebay.org"
            >
              No Country for Old Men
            </a>
          </h3>
        </article>
        <article
          className="small-movie-card catalog__movies-card"
          tabIndex="0"
        >
          <button
            className="small-movie-card__play-btn"
            type="button"
          >
            Play
          </button>
          <div
            className="small-movie-card__image"
          >
            <img
              alt="Snatch"
              height="175"
              src="img/snatch.jpg"
              width="280"
            />
          </div>
          <h3
            className="small-movie-card__title"
          >
            <a
              className="small-movie-card__link"
              href="https://thepiratebay.org"
            >
              Snatch
            </a>
          </h3>
        </article>
        <article
          className="small-movie-card catalog__movies-card"
          tabIndex="0"
        >
          <button
            className="small-movie-card__play-btn"
            type="button"
          >
            Play
          </button>
          <div
            className="small-movie-card__image"
          >
            <img
              alt="Moonrise Kingdom"
              height="175"
              src="img/moonrise-kingdom.jpg"
              width="280"
            />
          </div>
          <h3
            className="small-movie-card__title"
          >
            <a
              className="small-movie-card__link"
              href="https://thepiratebay.org"
            >
              Moonrise Kingdom
            </a>
          </h3>
        </article>
        <article
          className="small-movie-card catalog__movies-card"
          tabIndex="0"
        >
          <button
            className="small-movie-card__play-btn"
            type="button"
          >
            Play
          </button>
          <div
            className="small-movie-card__image"
          >
            <img
              alt="Seven Years in Tibet"
              height="175"
              src="img/seven-years-in-tibet.jpg"
              width="280"
            />
          </div>
          <h3
            className="small-movie-card__title"
          >
            <a
              className="small-movie-card__link"
              href="https://thepiratebay.org"
            >
              Seven Years in Tibet
            </a>
          </h3>
        </article>
        <article
          className="small-movie-card catalog__movies-card"
          tabIndex="0"
        >
          <button
            className="small-movie-card__play-btn"
            type="button"
          >
            Play
          </button>
          <div
            className="small-movie-card__image"
          >
            <img
              alt="Midnight Special"
              height="175"
              src="img/midnight-special.jpg"
              width="280"
            />
          </div>
          <h3
            className="small-movie-card__title"
          >
            <a
              className="small-movie-card__link"
              href="https://thepiratebay.org"
            >
              Midnight Special
            </a>
          </h3>
        </article>
        <article
          className="small-movie-card catalog__movies-card"
          tabIndex="0"
        >
          <button
            className="small-movie-card__play-btn"
            type="button"
          >
            Play
          </button>
          <div
            className="small-movie-card__image"
          >
            <img
              alt="War of the Worlds"
              height="175"
              src="img/war-of-the-worlds.jpg"
              width="280"
            />
          </div>
          <h3
            className="small-movie-card__title"
          >
            <a
              className="small-movie-card__link"
              href="https://thepiratebay.org"
            >
              War of the Worlds
            </a>
          </h3>
        </article>
        <article
          className="small-movie-card catalog__movies-card"
          tabIndex="0"
        >
          <button
            className="small-movie-card__play-btn"
            type="button"
          >
            Play
          </button>
          <div
            className="small-movie-card__image"
          >
            <img
              alt="Dardjeeling Limited"
              height="175"
              src="img/dardjeeling-limited.jpg"
              width="280"
            />
          </div>
          <h3
            className="small-movie-card__title"
          >
            <a
              className="small-movie-card__link"
              href="https://thepiratebay.org"
            >
              Dardjeeling Limited
            </a>
          </h3>
        </article>
        <article
          className="small-movie-card catalog__movies-card"
          tabIndex="0"
        >
          <button
            className="small-movie-card__play-btn"
            type="button"
          >
            Play
          </button>
          <div
            className="small-movie-card__image"
          >
            <img
              alt="Orlando"
              height="175"
              src="img/orlando.jpg"
              width="280"
            />
          </div>
          <h3
            className="small-movie-card__title"
          >
            <a
              className="small-movie-card__link"
              href="https://thepiratebay.org"
            >
              Orlando
            </a>
          </h3>
        </article>
        <article
          className="small-movie-card catalog__movies-card"
          tabIndex="0"
        >
          <button
            className="small-movie-card__play-btn"
            type="button"
          >
            Play
          </button>
          <div
            className="small-movie-card__image"
          >
            <img
              alt="Mindhunter"
              height="175"
              src="img/mindhunter.jpg"
              width="280"
            />
          </div>
          <h3
            className="small-movie-card__title"
          >
            <a
              className="small-movie-card__link"
              href="https://thepiratebay.org"
            >
              Mindhunter
            </a>
          </h3>
        </article>
      </div>
      <div
        className="catalog__more"
      >
        <button
          className="catalog__button"
          type="button"
        >
          Show more
        </button>
      </div>
    </section>
    <footer
      className="page-footer"
    >
      <div
        className="logo"
      >
        <a
          className="logo__link logo__link--light"
        >
          <span
            className="logo__letter logo__letter--1"
          >
            W
          </span>
          <span
            className="logo__letter logo__letter--2"
          >
            T
          </span>
          <span
            className="logo__letter logo__letter--3"
          >
            W
          </span>
        </a>
      </div>
      <div
        className="copyright"
      >
        <p>
          © 
          2019
           What to watch Ltd.
        </p>
      </div>
    </footer>
  </div>,
]
`;
