// Jest Snapshot v1, https://goo.gl/fbAQLP

exports[`<NoMatch /> should render correctly 1`] = `
<section
  className="error-404"
>
  <h1>
    404, page not found
  </h1>
  <p>
    This is not the page you are looking for.
  </p>
  <p>
    Please go back or try going to the 
    <a
      href="/"
      onClick={[Function]}
    >
      home page
    </a>
    .
  </p>
</section>
`;
